../Core/Src/main.c:98:6:PCA9685_SetBit	40	static
../Core/Src/main.c:110:6:PCA9685_SetPWMFrequency	40	static
../Core/Src/main.c:119:6:PCA9685_Init	16	static
../Core/Src/main.c:125:6:PCA9685_SetPWM	40	static
../Core/Src/main.c:132:6:PCA9685_SetServoAngle	24	static
../Core/Src/main.c:140:6:MPU6050_Init	32	static
../Core/Src/main.c:157:6:MPU6050_Read_Accel	40	static
../Core/Src/main.c:170:6:MPU6050_Read_Gyro	40	static
../Core/Src/main.c:183:5:main	40	static
../Core/Src/main.c:217:6:SystemClock_Config	72	static
../Core/Src/main.c:254:13:MX_I2C1_Init	8	static
../Core/Src/main.c:288:13:MX_GPIO_Init	24	static
../Core/Src/main.c:310:6:Error_Handler	4	static,ignoring_inline_asm
